PS C:\de_training> mkdir git_challenge


    ディレクトリ: C:\de_training


Mode                 LastWriteTime         Length Name
----                 -------------         ------ ----
d-----        2025/06/06      0:19                git_challenge


PS C:\de_training> cd .\git_challenge\
PS C:\de_training\git_challenge> git init
Initialized empty Git repository in C:/de_training/git_challenge/.git/
PS C:\de_training\git_challenge> echo "Hello, world!" >> hello_world.txt
PS C:\de_training\git_challenge> git add .\hello_world.txt
PS C:\de_training\git_challenge> git commit -m "hello_world.txtを追加"
[main (root-commit) 4085e5b] hello_world.txtを追加
 1 file changed, 0 insertions(+), 0 deletions(-)
 create mode 100644 hello_world.txt
PS C:\de_training\git_challenge> echo "こんにちは、世界！" >> hello_world.txt
PS C:\de_training\git_challenge> git add .\hello_world.txt
PS C:\de_training\git_challenge> git commit -m "日本語訳を追記"
[main 427d47f] 日本語訳を追記
 1 file changed, 0 insertions(+), 0 deletions(-)
PS C:\de_training\git_challenge> git log --oneline
427d47f (HEAD -> main) 日本語訳を追記
4085e5b hello_world.txtを追加
